C251 COMPILER V5.60.0,  STC32G_UART_Isr                                                    03/06/25  17:20:11  PAGE 1   


C251 COMPILER V5.60.0, COMPILATION OF MODULE STC32G_UART_Isr
OBJECT MODULE PLACED IN .\list\STC32G_UART_Isr.obj
COMPILER INVOKED BY: D:\Software\Keil5\c251v560\C251\BIN\C251.EXE STC32G_UART_Isr.c XSMALL INTR2 BROWSE DEBUG PRINT(.\li
                    -st\STC32G_UART_Isr.lst) TABS(2) OBJECT(.\list\STC32G_UART_Isr.obj) 

stmt  level    source

    1          /*---------------------------------------------------------------------*/
    2          /* --- Web: www.STCAI.com ---------------------------------------------*/
    3          /*---------------------------------------------------------------------*/
    4          
    5          #include "STC32G_UART.h"
    6          
    7          bit B_ULinRX1_Flag;
    8          bit B_ULinRX2_Flag;
    9          
   10          //========================================================================
   11          // 函数: UART1_ISR_Handler
   12          // 描述: UART1中断函数.
   13          // 参数: none.
   14          // 返回: none.
   15          // 版本: V1.0, 2020-09-23
   16          //========================================================================
   17          #ifdef UART1
   18          void UART1_ISR_Handler (void) interrupt UART1_VECTOR
   19          {
   20   1        u8 Status;
   21   1      
   22   1        if(RI)
   23   1        {
   24   2          RI = 0;
   25   2      
   26   2          //--------USART LIN---------------
   27   2          Status = USARTCR5;
   28   2          if(Status & 0x02)     //if LIN header is detected
   29   2          {
   30   3            B_ULinRX1_Flag = 1;
   31   3          }
   32   2      
   33   2          if(Status & 0xc0)     //if LIN break is detected / LIN header error is detected
   34   2          {
   35   3            COM1.RX_Cnt = 0;
   36   3          }
   37   2          USARTCR5 &= ~0xcb;    //Clear flag
   38   2          //--------------------------------
   39   2          
   40   2              if(COM1.RX_Cnt >= COM_RX1_Lenth)  COM1.RX_Cnt = 0;
   41   2              RX1_Buffer[COM1.RX_Cnt++] = SBUF;
   42   2              COM1.RX_TimeOut = TimeOutSet1;
   43   2        }
   44   1      
   45   1        if(TI)
   46   1        {
   47   2          TI = 0;
   48   2          
   49   2              #if(UART_QUEUE_MODE == 1)   //判断是否使用队列模式
                   if(COM1.TX_send != COM1.TX_write)
                   {
                     SBUF = TX1_Buffer[COM1.TX_send];
                     if(++COM1.TX_send >= COM_TX1_Lenth)   COM1.TX_send = 0;
                   }
                   else  COM1.B_TX_busy = 0;
                       #else
   57   2              COM1.B_TX_busy = 0;     //使用阻塞方式发送直接清除繁忙标志
   58   2              #endif
C251 COMPILER V5.60.0,  STC32G_UART_Isr                                                    03/06/25  17:20:11  PAGE 2   

   59   2        }
   60   1      }
   61          #endif
   62          
   63          //========================================================================
   64          // 函数: UART2_ISR_Handler
   65          // 描述: UART2中断函数.
   66          // 参数: none.
   67          // 返回: none.
   68          // 版本: V1.0, 2020-09-23
   69          //========================================================================
   70          #ifdef UART2
   71          void UART2_ISR_Handler (void) interrupt UART2_VECTOR
   72          {
   73   1        u8 Status;
   74   1      
   75   1        if(S2RI)
   76   1        {
   77   2          CLR_RI2();
   78   2      
   79   2          //--------USART LIN---------------
   80   2          Status = USART2CR5;
   81   2          if(Status & 0x02)     //if LIN header is detected
   82   2          {
   83   3            B_ULinRX2_Flag = 1;
   84   3          }
   85   2      
   86   2          if(Status & 0xc0)     //if LIN break is detected / LIN header error is detected
   87   2          {
   88   3            COM2.RX_Cnt = 0;
   89   3          }
   90   2          USART2CR5 &= ~0xcb;   //Clear flag
   91   2          //--------------------------------
   92   2          
   93   2              if(COM2.RX_Cnt >= COM_RX2_Lenth)  COM2.RX_Cnt = 0;
   94   2              RX2_Buffer[COM2.RX_Cnt++] = S2BUF;
   95   2              COM2.RX_TimeOut = TimeOutSet2;
   96   2        }
   97   1      
   98   1        if(S2TI)
   99   1        {
  100   2          CLR_TI2();
  101   2          
  102   2              #if(UART_QUEUE_MODE == 1)   //判断是否使用队列模式
                   if(COM2.TX_send != COM2.TX_write)
                   {
                     S2BUF = TX2_Buffer[COM2.TX_send];
                     if(++COM2.TX_send >= COM_TX2_Lenth)   COM2.TX_send = 0;
                   }
                   else  COM2.B_TX_busy = 0;
                       #else
  110   2              COM2.B_TX_busy = 0;     //使用阻塞方式发送直接清除繁忙标志
  111   2              #endif
  112   2        }
  113   1      }
  114          #endif
  115          
  116          //========================================================================
  117          // 函数: UART3_ISR_Handler
  118          // 描述: UART3中断函数.
  119          // 参数: none.
  120          // 返回: none.
  121          // 版本: V1.0, 2020-09-23
  122          //========================================================================
  123          #ifdef UART3
  124          void UART3_ISR_Handler (void) interrupt UART3_VECTOR
C251 COMPILER V5.60.0,  STC32G_UART_Isr                                                    03/06/25  17:20:11  PAGE 3   

  125          {
  126   1        if(S3RI)
  127   1        {
  128   2          CLR_RI3();
  129   2      
  130   2              if(COM3.RX_Cnt >= COM_RX3_Lenth)  COM3.RX_Cnt = 0;
  131   2              RX3_Buffer[COM3.RX_Cnt++] = S3BUF;
  132   2              COM3.RX_TimeOut = TimeOutSet3;
  133   2        }
  134   1      
  135   1        if(S3TI)
  136   1        {
  137   2          CLR_TI3();
  138   2          
  139   2              #if(UART_QUEUE_MODE == 1)   //判断是否使用队列模式
                   if(COM3.TX_send != COM3.TX_write)
                   {
                     S3BUF = TX3_Buffer[COM3.TX_send];
                     if(++COM3.TX_send >= COM_TX3_Lenth)   COM3.TX_send = 0;
                   }
                   else  COM3.B_TX_busy = 0;
                       #else
  147   2              COM3.B_TX_busy = 0;     //使用阻塞方式发送直接清除繁忙标志
  148   2              #endif
  149   2        }
  150   1      }
  151          #endif
  152          
  153          //========================================================================
  154          // 函数: UART4_ISR_Handler
  155          // 描述: UART4中断函数.
  156          // 参数: none.
  157          // 返回: none.
  158          // 版本: V1.0, 2020-09-23
  159          //========================================================================
  160          #ifdef UART4
  161          void UART4_ISR_Handler (void) interrupt UART4_VECTOR
  162          {
  163   1        if(S4RI)
  164   1        {
  165   2          CLR_RI4();
  166   2      
  167   2              if(COM4.RX_Cnt >= COM_RX4_Lenth)  COM4.RX_Cnt = 0;
  168   2              RX4_Buffer[COM4.RX_Cnt++] = S4BUF;
  169   2              COM4.RX_TimeOut = TimeOutSet4;
  170   2        }
  171   1      
  172   1        if(S4TI)
  173   1        {
  174   2          CLR_TI4();
  175   2          
  176   2              #if(UART_QUEUE_MODE == 1)   //判断是否使用队列模式
                   if(COM4.TX_send != COM4.TX_write)
                   {
                     S4BUF = TX4_Buffer[COM4.TX_send];
                     if(++COM4.TX_send >= COM_TX4_Lenth)   COM4.TX_send = 0;
                   }
                   else  COM4.B_TX_busy = 0;
                       #else
  184   2              COM4.B_TX_busy = 0;     //使用阻塞方式发送直接清除繁忙标志
  185   2              #endif
  186   2        }
  187   1      }
  188          #endif


C251 COMPILER V5.60.0,  STC32G_UART_Isr                                                    03/06/25  17:20:11  PAGE 4   

Module Information          Static   Overlayable
------------------------------------------------
  code size            =       362     ------
  ecode size           =    ------     ------
  data size            =    ------     ------
  idata size           =    ------     ------
  pdata size           =    ------     ------
  xdata size           =    ------     ------
  xdata-const size     =    ------     ------
  edata size           =    ------     ------
  bit size             =         2     ------
  ebit size            =    ------     ------
  bitaddressable size  =    ------     ------
  ebitaddressable size =    ------     ------
  far data size        =    ------     ------
  huge data size       =    ------     ------
  const size           =    ------     ------
  hconst size          =    ------     ------
End of Module Information.


C251 COMPILATION COMPLETE.  0 WARNING(S),  0 ERROR(S)
