C251 COMPILER V5.60.0,  encoder                                                            09/05/25  21:10:29  PAGE 1   


C251 COMPILER V5.60.0, COMPILATION OF MODULE encoder
OBJECT MODULE PLACED IN .\Out_File\encoder.obj
COMPILER INVOKED BY: D:\Software\Keil5\c251v560\C251\BIN\C251.EXE ..\USER\src\encoder.c XSMALL WARNINGLEVEL(3) OPTIMIZE(
                    -0,SPEED) BROWSE INCDIR(..\CODE;..\USER\inc;..\USER\src;..\seekfree_components;..\seekfree_libraries;..\seekfree_peripher
                    -al;..\libraries) DEBUG PRINT(.\Out_File\encoder.lst) TABS(2) OBJECT(.\Out_File\encoder.obj) 

stmt  level    source

    1          #include "encoder.h"
    2          
    3          int g_encoleft_init = 0, g_encoright_init = 0;
    4          int g_EncoderLeft = 0, g_EncoderRight = 0;
    5          int g_IntEncoderL = 0, g_IntEncoderR = 0;
    6          
    7          
    8          void encoder_init(void)
    9          {
   10   1        ctimer_count_init(CTIM0_P34);
   11   1        ctimer_count_init(CTIM3_P04);
   12   1      }
   13          
   14          
   15          int get_left_encoder(void)
   16          {
   17   1        int encoder_left;
   18   1        
   19   1        if(LEFT_DIR == 1)
   20   1        {
   21   2          encoder_left = ctimer_count_read(CTIM0_P34);
   22   2        }
   23   1        else
   24   1        {
   25   2          encoder_left = ctimer_count_read(CTIM0_P34) * -1;
   26   2        }
   27   1        
   28   1        ctimer_count_clean(CTIM0_P34);
   29   1        
   30   1        return encoder_left;
   31   1      }
   32          
   33          
   34          int get_right_encoder(void)
   35          {
   36   1        int encoder_right;
   37   1        
   38   1        if(RIGHT_DIR == 1)
   39   1        {
   40   2          encoder_right = ctimer_count_read(CTIM3_P04) * -1;
   41   2        }
   42   1        else
   43   1        {
   44   2          encoder_right = ctimer_count_read(CTIM3_P04);
   45   2        }
   46   1        
   47   1        ctimer_count_clean(CTIM3_P04);
   48   1        
   49   1        return encoder_right;
   50   1      }


Module Information          Static   Overlayable
------------------------------------------------
  code size            =       109     ------
  ecode size           =    ------     ------
  data size            =    ------     ------
  idata size           =    ------     ------
C251 COMPILER V5.60.0,  encoder                                                            09/05/25  21:10:29  PAGE 2   

  pdata size           =    ------     ------
  xdata size           =    ------     ------
  xdata-const size     =    ------     ------
  edata size           =        16     ------
  bit size             =    ------     ------
  ebit size            =    ------     ------
  bitaddressable size  =    ------     ------
  ebitaddressable size =    ------     ------
  far data size        =    ------     ------
  huge data size       =    ------     ------
  const size           =    ------     ------
  hconst size          =        36     ------
End of Module Information.


C251 COMPILATION COMPLETE.  0 WARNING(S),  0 ERROR(S)
