C251 COMPILER V5.60.0,  key                                                                17/04/25  14:34:21  PAGE 1   


C251 COMPILER V5.60.0, COMPILATION OF MODULE key
OBJECT MODULE PLACED IN .\Out_File\key.obj
COMPILER INVOKED BY: D:\keil5\C251\BIN\C251.EXE ..\USER\src\key.c XSMALL INTR2 FLOAT64 WARNINGLEVEL(3) OPTIMIZE(0,SPEED)
                    - BROWSE INCDIR(..\CODE;..\USER\inc;..\USER\src;..\seekfree_components;..\seekfree_libraries;..\seekfree_peripheral;..\li
                    -braries) DEBUG PRINT(.\Out_File\key.lst) OBJECT(.\Out_File\key.obj) 

stmt  level    source

    1          #include "key.h"
    2          
    3          Key_t key[4] = {0, 0, 0};
    4          
    5          void key_task(void)
    6          {
    7   1              if (key[0].flag == 1)
    8   1              {
    9   2                      P52 = !P52;
   10   2                      
   11   2                      key[0].flag = 0;
   12   2              }
   13   1              if (key[1].flag == 1)
   14   1              {
   15   2                      P52 = !P52;
   16   2                      
   17   2                      key[1].flag = 0;
   18   2              }
   19   1              if (key[2].flag == 1)
   20   1              {
   21   2                      P52 = !P52;
   22   2                      
   23   2                      key[2].flag = 0;
   24   2              }
   25   1              if (key[3].flag == 1)
   26   1              {
   27   2                      P52 = !P52;
   28   2                      
   29   2                      key[3].flag = 0;
   30   2              }
   31   1      }


Module Information          Static   Overlayable
------------------------------------------------
  code size            =        93     ------
  ecode size           =    ------     ------
  data size            =    ------     ------
  idata size           =    ------     ------
  pdata size           =    ------     ------
  xdata size           =    ------     ------
  xdata-const size     =    ------     ------
  edata size           =        12     ------
  bit size             =    ------     ------
  ebit size            =    ------     ------
  bitaddressable size  =    ------     ------
  ebitaddressable size =    ------     ------
  far data size        =    ------     ------
  huge data size       =    ------     ------
  const size           =    ------     ------
  hconst size          =        16     ------
End of Module Information.


C251 COMPILATION COMPLETE.  0 WARNING(S),  0 ERROR(S)
