C251 COMPILER V5.60.0,  key                                                                04/06/25  21:31:53  PAGE 1   


C251 COMPILER V5.60.0, COMPILATION OF MODULE key
OBJECT MODULE PLACED IN .\Out_File\key.obj
COMPILER INVOKED BY: D:\Software\Keil5\c251v560\C251\BIN\C251.EXE ..\USER\src\key.c XSMALL WARNINGLEVEL(3) OPTIMIZE(0,SP
                    -EED) BROWSE INCDIR(..\CODE;..\USER\inc;..\USER\src;..\seekfree_components;..\seekfree_libraries;..\seekfree_peripheral;.
                    -.\libraries) DEBUG PRINT(.\Out_File\key.lst) TABS(2) OBJECT(.\Out_File\key.obj) 

stmt  level    source

    1          #include "key.h"
    2          
    3          Key_t key[4] = {0, 0, 0};
    4          
    5          void key_task(void)
    6          {
    7   1        if (key[0].flag == 1)
    8   1        {
    9   2          if (startKeyFlag == 1)
   10   2          {
   11   3            set_motor_pwm(0, 0);
   12   3      
   13   3            pid_clean(&SpeedPID);
   14   3            pid_clean(&TurnPID);
   15   3      //      pid_clean(&LeftPID);
   16   3      //      pid_clean(&RightPID);
   17   3            
   18   3            uartSendFlag = startKeyFlag = 0;
   19   3          }
   20   2          else
   21   2          {
   22   3            delay_ms(2000);
   23   3            uartSendFlag = startKeyFlag = 1;
   24   3          }
   25   2          
   26   2          key[0].flag = 0;
   27   2        }
   28   1        if (key[1].flag == 1)
   29   1        {
   30   2      
   31   2          
   32   2          key[1].flag = 0;
   33   2        }
   34   1        if (key[2].flag == 1)
   35   1        {
   36   2      
   37   2          
   38   2          key[2].flag = 0;
   39   2        }
   40   1        if (key[3].flag == 1)
   41   1        {
   42   2      
   43   2          
   44   2          key[3].flag = 0;
   45   2        }
   46   1      }


Module Information          Static   Overlayable
------------------------------------------------
  code size            =       118     ------
  ecode size           =    ------     ------
  data size            =    ------     ------
  idata size           =    ------     ------
  pdata size           =    ------     ------
  xdata size           =    ------     ------
  xdata-const size     =    ------     ------
  edata size           =        12     ------
C251 COMPILER V5.60.0,  key                                                                04/06/25  21:31:53  PAGE 2   

  bit size             =    ------     ------
  ebit size            =    ------     ------
  bitaddressable size  =    ------     ------
  ebitaddressable size =    ------     ------
  far data size        =    ------     ------
  huge data size       =    ------     ------
  const size           =    ------     ------
  hconst size          =        16     ------
End of Module Information.


C251 COMPILATION COMPLETE.  0 WARNING(S),  0 ERROR(S)
