C251 COMPILER V5.60.0,  main                                                               05/06/25  17:13:04  PAGE 1   


C251 COMPILER V5.60.0, COMPILATION OF MODULE main
OBJECT MODULE PLACED IN .\Out_File\main.obj
COMPILER INVOKED BY: D:\Software\Keil5\c251v560\C251\BIN\C251.EXE ..\USER\src\main.c XSMALL WARNINGLEVEL(3) OPTIMIZE(0,S
                    -PEED) BROWSE INCDIR(..\CODE;..\USER\inc;..\USER\src;..\seekfree_components;..\seekfree_libraries;..\seekfree_peripheral;
                    -..\libraries) DEBUG PRINT(.\Out_File\main.lst) TABS(2) OBJECT(.\Out_File\main.obj) 

stmt  level    source

    1          #include "headfile.h"
    2          
    3          // 选择使用传统ADC方式或DMA ADC方式
    4          #define USE_DMA_ADC 1  // 1表示使用DMA ADC，0表示使用传统ADC
    5          #define DMA_ADC_TEST_MODE  1
    6          
    7          extern uint8_t track_ten_cnt;
    8          extern volatile uint8 g_adc_dma_completed_flag;  // 引用DMA ADC数据就绪标志
    9          
   10          
   11          void main(void)
   12          {
   13   1        int state = 5;
   14   1        uint16 sum_value = 0;    //
   15   1        uint16 value[7] = {0};   //调试用数组
   16   1        
   17   1        board_init();     
   18   1      
   19   1        // ips114_init_simspi();          
   20   1        uart_init(UART_4, UART4_RX_P02, UART4_TX_P03, 115200, TIM_4);
   21   1      
   22   1        uart_putstr(UART_4, "test0...\r\n");
   23   1        motor_init();
   24   1        encoder_init();
   25   1        
   26   1        imu963ra_init();
   27   1        
   28   1      //  pid_init(&LeftPID, 0.0f, 0.0f, 0.0f, 0.0f, 5000.0f, 6000.0f);
   29   1      //  pid_init(&RightPID, 0.0f, 0.0f, 0.0f, 0.0f, 5000.0f, 6000.0f);
   30   1      //  pid_init(&TurnPID, 0.0f, 0.0f, 0.0f, 0.0f, 0.0f, 250.0f);
   31   1        
   32   1        pid_init(&SpeedPID, 110.0f, 0.6f, 0.0f, 0.0f, 5000.0f, 6000.0f);
   33   1        pid_init(&TurnPID, 0.0f, 0.0f, 0.0f, 0.0f, 0.0f, 6000.0f);
   34   1        
   35   1        LowPass_init(&leftSpeedFilt, 0.556);   //初始化低通滤波器
   36   1        LowPass_init(&rightSpeedFilt, 0.556);
   37   1        
   38   1        Kalman_Init(&imu693_kf, 0.98, 0.02, imu693kf_Q, imu693kf_R, 0.0);
   39   1        
   40   1        pit_timer_ms(TIM_1, 10);
   41   1        pit_timer_ms(TIM_2, 5);
   42   1        
   43   1        // ips114_clear_simspi(WHITE);   //清屏
   44   1        delay_ms(100); // 延时等待系统稳定
   45   1      
   46   1        // 初始化电磁传感器
   47   1      #if USE_DMA_ADC
   48   1      
   49   1        electromagnetic_dma_init();     // 初始化DMA ADC电磁传感器
   50   1        // 启动第一次DMA ADC转换
   51   1        start_adc_dma_conversion();
   52   1      
   53   1      #endif
   54   1      
   55   1      
   56   1          // 添加DMA测试功能入口
   57   1      #ifdef DMA_ADC_TEST_MODE
C251 COMPILER V5.60.0,  main                                                               05/06/25  17:13:04  PAGE 2   

   58   1      
   59   1        // 运行DMA ADC测试
   60   1        run_electromagnetic_dma_tests();
   61   1      
   62   1      #endif
   63   1        
   64   1          while(1)
   65   1        {   
   66   2          /* 串口接收 */
   67   2          if(g_RxPointer != 0)
   68   2          {
   69   3            int temp = g_RxPointer;
   70   3            delay_ms(4);
   71   3            if(temp == g_RxPointer)
   72   3            {
   73   4              uart4_interrupt_callback();
   74   4            }
   75   3          }
   76   2          
   77   2          
   78   2          /* 定时操作 */
   79   2          if (flag == 1)
   80   2          {
   81   3      //      if (g_SpeedPoint == 20)
   82   3      //      {
   83   3      //        g_SpeedPoint = 70;
   84   3      //      }
   85   3      //      else if (g_SpeedPoint == 70)
   86   3      //      {
   87   3      //        g_SpeedPoint = 20;
   88   3      //      }
   89   3            
   90   3            flag = 0;
   91   3          }
   92   2          
   93   2          /* 按键处理 */
   94   2          key_task();
   95   2      
   96   2          if (uartSendFlag == 1)
   97   2          {
   98   3      #if 0
                     sprintf(g_TxData,"%d,%d,%d,%d,%d,%d,%ld,%ld,%d,%d,%d\n",
                         g_LeftPoint,
                         g_EncoderLeft,
                         g_RightPoint,
                         g_EncoderRight,
                         position,
                         (int)turn_pid,
                         g_DutyLeft,
                         g_DutyRight,
                         track_type,
                         track_route,
                         track_route_status);
                     uart_putstr(UART_4, g_TxData);
               #endif
  113   3                
  114   3      #if 0
                     sprintf(g_TxData,"%d,%d,%d,%d,%d,%ld,%ld,%d,%d,%d\n",
                         g_SpeedPoint,
                         g_EncoderAverage,
                         (int)speed_pid,
                         position,
                         (int)turn_pid,
                         g_DutyLeft,
                         g_DutyRight,
                         (int)SpeedPID.interror,
C251 COMPILER V5.60.0,  main                                                               05/06/25  17:13:04  PAGE 3   

                         (int)SpeedPID.p_out,
                         (int)SpeedPID.i_out);
                     uart_putstr(UART_4, g_TxData);
               #endif
  128   3                
  129   3      //      sprintf(g_TxData,"%d,%d,%d,%d\n",
  130   3      //          g_LeftPoint,
  131   3      //          g_EncoderLeft,
  132   3      //          g_RightPoint,
  133   3      //          g_EncoderRight);
  134   3      //      uart_putstr(UART_4, g_TxData);
  135   3                
  136   3      //      sprintf(g_TxData,"%.2f,%.2f,%.2f,%.4f,%.4f,%.4f,%.4f\n",
  137   3      //          (float)g_LeftPoint,
  138   3      //          (float)g_EncoderLeft,
  139   3      //          (float)g_DutyLeft,
  140   3      //          LeftPID.error,
  141   3      //          LeftPID.lasterror,
  142   3      //          LeftPID.p_out,
  143   3      //          LeftPID.output
  144   3      //      );
  145   3      //      uart_putstr(UART_4, g_TxData);
  146   3            
  147   3      //      sprintf(g_TxData,"%d,%d,%d,%d\n",g_encoleft_init,g_encoright_init,g_EncoderLeft,g_EncoderRight);
  148   3      //      uart_putstr(UART_4, g_TxData);
  149   3            
  150   3      //      sprintf(g_TxData, "%f,%f\n",Gyro_Z,filtered_GyroZ);
  151   3      //      uart_putstr(UART_4, g_TxData);
  152   3      
  153   3      #if 0
                     // 通过串口输出七电感数据
                     sprintf(g_TxData, "%d,%d,%d,%d,%d,%d,%d,%d,%d,%d,%d,%d,%d,%d\n",
                      (uint16)normalized_data[SENSOR_HL], 
                      (uint16)normalized_data[SENSOR_VL], 
                      (uint16)normalized_data[SENSOR_HML], 
                      (uint16)normalized_data[SENSOR_HC],
                      (uint16)normalized_data[SENSOR_HMR], 
                      (uint16)normalized_data[SENSOR_VR], 
                      (uint16)normalized_data[SENSOR_HR], 
                       position,
                      (uint16)signal_strength_value,
                       track_type,
                       track_route,
                       track_route_status,
                       g_intencoderL,
                       g_intencoderR);
                      uart_putstr(UART_4, g_TxData);
               #endif
  172   3          }
  173   2          
  174   2      #if 0
                   // 处理DMA ADC数据
                   if(g_adc_dma_completed_flag)
                   {
                     process_adc_dma_data(); // 使用DMA数据更新 result[]   
               
                     //读取七电感ADC值（用于调试）
                     value[SENSOR_HL] =  result[SENSOR_HL];
                     value[SENSOR_VL] =  result[SENSOR_VL];
                     value[SENSOR_HML] =  result[SENSOR_HML];
                     value[SENSOR_HC] =  result[SENSOR_HC];
                     value[SENSOR_HMR] =  result[SENSOR_HMR];
                     value[SENSOR_VR] =  result[SENSOR_VR];
                     value[SENSOR_HR] =  result[SENSOR_HR];
               
                     // 通过串口输出七电感原始数据
C251 COMPILER V5.60.0,  main                                                               05/06/25  17:13:04  PAGE 4   

                     sprintf(g_TxData, "%d,%d,%d,%d,%d,%d,%d\n",
                           value[SENSOR_HL], 
                           value[SENSOR_VL], 
                           value[SENSOR_HML], 
                           value[SENSOR_HC], 
                           value[SENSOR_HMR],
                           value[SENSOR_VR],
                     value[SENSOR_HR]);
                     uart_putstr(UART_4, g_TxData);
               
                     delay_ms(5);
                   }
               
                   // sprintf(g_TxData,"error1\n");
                   // uart_putstr(UART_4, g_TxData);
                   // delay_ms(1000);
               #else
  207   2          // 获取滤波后的ADC数据    
  208   2          // mid_filter();      // 使用中位值滤波获取电感数据 (此通路已不再可用，因get_adc
             -()函数已被移除)
  209   2          // sprintf(g_TxData,"error2\n");
  210   2          // uart_putstr(UART_4, g_TxData);
  211   2          // delay_ms(1000);
  212   2      #endif
  213   2      
  214   2      
  215   2          // // 对DMA获取的数据进行进一步滤波
  216   2          // mid_filter();          // 内部会调用 average_filter() 并进行中位值滤波，更新 result[
             -]
  217   2      
  218   2          // // 归一化电感数组
  219   2          // normalize_sensors();
  220   2          
  221   2          // // 计算位置偏差
  222   2          // position = calculate_position_improved();
  223   2          
  224   2          //检查电磁保护
  225   2          // protection_flag = check_electromagnetic_protection();
  226   2      
  227   2          // if(protection_flag)
  228   2          // {
  229   2          //  // 触发保护，停车
  230   2          //  // 这里需要添加控制电机停止的代码
  231   2            
  232   2          //  // 显示保护触发信息
  233   2          //  ips114_showstr_simspi(0, 7, "Protection: Out of Track!");
  234   2            
  235   2          //  // 永久停车或等待重置
  236   2          //  while(1)                                                               
  237   2          //  {
  238   2          //    delay_ms(100);
  239   2          //  }
  240   2          // }
  241   2          
  242   2          // 显示电磁传感器数据
  243   2      //    display_electromagnetic_data();
  244   2      
  245   2          /*调试功能*/
  246   2      #if 0
                    //读取七电感ADC值（用于调试）
                   value[SENSOR_HL] =  result[SENSOR_HL];
                   value[SENSOR_VL] =  result[SENSOR_VL];
                   value[SENSOR_HML] =  result[SENSOR_HML];
                   value[SENSOR_HC] =  result[SENSOR_HC];
                   value[SENSOR_HMR] =  result[SENSOR_HMR];
                   value[SENSOR_VR] =  result[SENSOR_VR];
C251 COMPILER V5.60.0,  main                                                               05/06/25  17:13:04  PAGE 5   

                   value[SENSOR_HR] =  result[SENSOR_HR];
               
                    // 通过串口输出七电感原始数据
                     sprintf(g_TxData, "%d,%d,%d,%d,%d,%d,%d\n",
                         value[SENSOR_HL], 
                         value[SENSOR_VL], 
                         value[SENSOR_HML], 
                         value[SENSOR_HC], 
                         value[SENSOR_HMR],
                         value[SENSOR_VR],
                         value[SENSOR_HR]);
                     uart_putstr(UART_4, g_TxData);
               
                     delay_ms(5);
               #endif  
  269   2      
  270   2        } 
  271   1      }
  272          
  273          
  274          


Module Information          Static   Overlayable
------------------------------------------------
  code size            =       410     ------
  ecode size           =    ------     ------
  data size            =    ------     ------
  idata size           =    ------     ------
  pdata size           =    ------     ------
  xdata size           =    ------     ------
  xdata-const size     =    ------     ------
  edata size           =        20     ------
  bit size             =    ------     ------
  ebit size            =    ------     ------
  bitaddressable size  =    ------     ------
  ebitaddressable size =    ------     ------
  far data size        =    ------     ------
  huge data size       =    ------     ------
  const size           =    ------     ------
  hconst size          =        25     ------
End of Module Information.


C251 COMPILATION COMPLETE.  0 WARNING(S),  0 ERROR(S)
