C251 COMPILER V5.60.0,  motor                                                              29/03/25  12:22:58  PAGE 1   


C251 COMPILER V5.60.0, COMPILATION OF MODULE motor
OBJECT MODULE PLACED IN .\Out_File\motor.obj
COMPILER INVOKED BY: D:\Software\Keil5\c251v560\C251\BIN\C251.EXE ..\USER\src\motor.c XSMALL INTR2 FLOAT64 WARNINGLEVEL(
                    -3) OPTIMIZE(0,SPEED) BROWSE INCDIR(..\CODE;..\USER\inc;..\USER\src;..\seekfree_components;..\seekfree_libraries;..\seekf
                    -ree_peripheral;..\libraries) DEBUG PRINT(.\Out_File\motor.lst) TABS(2) OBJECT(.\Out_File\motor.obj) 

stmt  level    source

    1          #include "motor.h"
    2          
    3          
    4          void motor_init(void)
    5          {
    6   1        //左轮初始化
    7   1        pwm_init(PWMA_CH1P_P60, MOTOR_PWM_FREQ, 0);
    8   1        pwm_init(PWMA_CH2P_P62, MOTOR_PWM_FREQ, 0);
    9   1        
   10   1        //右轮初始化
   11   1        pwm_init(PWMA_CH3P_P64, MOTOR_PWM_FREQ, 0);
   12   1        pwm_init(PWMA_CH4P_P66, MOTOR_PWM_FREQ, 0);
   13   1      }
   14          
   15          
   16          void set_pwm_left(int32_t duty)
   17          {
   18   1        //PWM限幅并输出
   19   1        if(duty >= 0)
   20   1        {
   21   2          if (duty > MOTOR_PWM_LIMIT)
   22   2          {
   23   3            duty = MOTOR_PWM_LIMIT;
   24   3          }
   25   2        
   26   2          pwm_duty(PWMA_CH1P_P60, duty);
   27   2        }
   28   1        else
   29   1        {
   30   2          if (duty < -MOTOR_PWM_LIMIT)
   31   2          {
   32   3            duty = -MOTOR_PWM_LIMIT;
   33   3          }
   34   2        
   35   2          pwm_duty(PWMA_CH2P_P62, -duty);
   36   2        }
   37   1      }
   38          
   39          
   40          void set_pwm_right(int32_t duty)
   41          {
   42   1        if (duty >= 0)
   43   1        {
   44   2          if (duty > MOTOR_PWM_LIMIT)
   45   2          {
   46   3            duty = MOTOR_PWM_LIMIT;
   47   3          }
   48   2          
   49   2          pwm_duty(PWMA_CH3P_P64, duty);
   50   2        }
   51   1        else  
   52   1        {
   53   2          if (duty < -MOTOR_PWM_LIMIT)
   54   2          {
   55   3            duty = -MOTOR_PWM_LIMIT;
   56   3          }
   57   2          
C251 COMPILER V5.60.0,  motor                                                              29/03/25  12:22:58  PAGE 2   

   58   2          pwm_duty(PWMA_CH4P_P66, -duty);
   59   2        }
   60   1      }


Module Information          Static   Overlayable
------------------------------------------------
  code size            =       231     ------
  ecode size           =    ------     ------
  data size            =    ------     ------
  idata size           =    ------     ------
  pdata size           =    ------     ------
  xdata size           =    ------     ------
  xdata-const size     =    ------     ------
  edata size           =         8     ------
  bit size             =    ------     ------
  ebit size            =    ------     ------
  bitaddressable size  =    ------     ------
  ebitaddressable size =    ------     ------
  far data size        =    ------     ------
  huge data size       =    ------     ------
  const size           =    ------     ------
  hconst size          =    ------     ------
End of Module Information.


C251 COMPILATION COMPLETE.  0 WARNING(S),  0 ERROR(S)
