C251 COMPILER V5.60.0,  pid                                                                05/06/25  20:36:53  PAGE 1   


C251 COMPILER V5.60.0, COMPILATION OF MODULE pid
OBJECT MODULE PLACED IN .\Out_File\pid.obj
COMPILER INVOKED BY: D:\Software\Keil5\c251v560\C251\BIN\C251.EXE ..\USER\src\pid.c XSMALL WARNINGLEVEL(3) OPTIMIZE(0,SP
                    -EED) BROWSE INCDIR(..\CODE;..\USER\inc;..\USER\src;..\seekfree_components;..\seekfree_libraries;..\seekfree_peripheral;.
                    -.\libraries) DEBUG PRINT(.\Out_File\pid.lst) TABS(2) OBJECT(.\Out_File\pid.obj) 

stmt  level    source

    1          #include "pid.h"
    2          
    3          
    4          PID_t LeftPID;//左轮速度环PID    
    5          PID_t RightPID;//右轮速度环PID
    6          PID_t TurnPID;//转向环PID
    7          PID_t SpeedPID;
    8          
    9          float myfabs(float num)
   10          {
   11   1        return (num > 0) ? num : -num;
   12   1      }
   13          
   14          int myabs(int num)
   15          {
   16   1        return (num > 0) ? num : -num;
   17   1      }
   18          
   19          void pid_init(PID_t* pid, float kp, float ki, float kd, float kf, float i_limit, float o_limit)
   20          {
   21   1        pid->kp = kp;
   22   1        pid->ki = ki;
   23   1        pid->kd = kd;
   24   1        pid->kf = kf;
   25   1      
   26   1        pid->i_limit = i_limit;
   27   1        pid->o_limit = o_limit; 
   28   1        
   29   1        pid->error = 0.0f;
   30   1        pid->lasterror = 0.0f;
   31   1        pid->preverror = 0.0f;
   32   1        pid->interror = 0.0f;
   33   1        pid->lasttarget = 0.0f;
   34   1        
   35   1        pid->p_out = 0.0f;
   36   1        pid->i_out = 0.0f;
   37   1        pid->d_out = 0.0f;
   38   1        pid->output = 0.0f;
   39   1      }
   40                  
   41          
   42          //位置式PID（带前馈）
   43          float pid_poisitional_feedforward(PID_t* pid, float real, float target)
   44          {
   45   1        pid->error = target - real;
   46   1        pid->interror += pid->error;
   47   1        
   48   1        //积分限幅
   49   1        if (pid->interror > pid->i_limit)
   50   1        {
   51   2          pid->interror = pid->i_limit;
   52   2        }
   53   1        else if (pid->interror < -pid->i_limit)
   54   1        {
   55   2          pid->interror = -pid->i_limit;
   56   2        }
   57   1        
C251 COMPILER V5.60.0,  pid                                                                05/06/25  20:36:53  PAGE 2   

   58   1        //线性、积分、微分、前馈共同作用
   59   1        pid->p_out = pid->kp * pid->error;
   60   1        pid->i_out = pid->ki * pid->interror;
   61   1        pid->d_out = pid->kd * (pid->error - pid->lasterror);
   62   1        
   63   1        pid->output = pid->p_out + pid->i_out + pid->d_out + pid->kf * (target - pid->lasttarget);
   64   1        
   65   1        pid->lasterror = pid->error;
   66   1        pid->lasttarget = target;
   67   1        
   68   1        //输出限幅
   69   1        if (pid->output > pid->o_limit)
   70   1        {
   71   2          pid->output = pid->o_limit;
   72   2        }
   73   1        else if (pid->output < -pid->o_limit)
   74   1        {
   75   2          pid->output = -pid->o_limit;
   76   2        }
   77   1        
   78   1        return pid->output; 
   79   1      }
   80          
   81          
   82          //增量式PID（带前馈）
   83          float pid_increment_feedforward(PID_t* pid, float real, float target)
   84          {
   85   1        pid->error = target - real;
   86   1        
   87   1        pid->p_out = pid->kp * (pid->error - pid->lasterror);
   88   1        pid->i_out = pid->ki * pid->error;
   89   1        pid->d_out = pid->kd * (pid->error - 2 * pid->lasterror + pid->preverror);
   90   1      
   91   1        pid->output += pid->p_out + pid->i_out + pid->d_out + pid->kf * (target - pid->lasttarget);
   92   1        
   93   1        pid->preverror = pid->lasterror;
   94   1        pid->lasterror = pid->error;
   95   1        pid->lasttarget = target;
   96   1        
   97   1        if (pid->output > pid->o_limit)
   98   1        {
   99   2          pid->output = pid->o_limit;
  100   2        }
  101   1        else if (pid->output < -pid->o_limit)
  102   1        {
  103   2          pid->output = -pid->o_limit;
  104   2        }
  105   1        
  106   1        return pid->output;
  107   1      }
  108          
  109          
  110          float pid_poisitional_normal(PID_t* pid, float position)
  111          {
  112   1        pid->error = position;
  113   1        
  114   1        pid->p_out = pid->kp * pid->error;
  115   1        pid->d_out = pid->kd * (pid->error - pid->lasterror);
  116   1      
  117   1        pid->output = pid->p_out + pid->d_out;
  118   1      
  119   1        pid->lasterror = pid->error;
  120   1        
  121   1        //输出限幅
  122   1        if (pid->output > pid->o_limit)
  123   1        {
C251 COMPILER V5.60.0,  pid                                                                05/06/25  20:36:53  PAGE 3   

  124   2          pid->output = pid->o_limit;
  125   2        }
  126   1        else if (pid->output < -pid->o_limit)
  127   1        {
  128   2          pid->output = -pid->o_limit;
  129   2        }
  130   1        
  131   1        return pid->output;
  132   1      }
  133          
  134          
  135          //魔改位置式pid（加二次项）
  136          float pid_poisitional_quadratic(PID_t* pid, float position, float GyroZ)
  137          {
  138   1      //  pid->p_out = (pid->kp * position) + (pid->kp * pid->kp * position * myfabs(position));
  139   1      //  pid->d_out = (pid->kd * (position - pid->lasterror) + (pid->kd * pid->kd * GyroZ));
  140   1        pid->p_out = pid->kp * position;
  141   1      //  pid->d_out = (pid->kd * (position - pid->lasterror);
  142   1        pid->d_out = pid->kd * GyroZ;
  143   1      //  pid->d_out = 0.8*pid->kd*pid->kd * GyroZ+0.2*pid->kd * (position - pid->lasterror);
  144   1        
  145   1        pid->output = pid->p_out + pid->d_out;
  146   1        pid->lasterror = position;
  147   1        
  148   1        //输出限幅
  149   1        if (pid->output > pid->o_limit)
  150   1        {
  151   2          pid->output = pid->o_limit;
  152   2        }
  153   1        else if (pid->output < -pid->o_limit)
  154   1        {
  155   2          pid->output = -pid->o_limit;
  156   2        }
  157   1        
  158   1        return pid->output;
  159   1      }
  160          
  161          void pid_set(PID_t* pid, float kp, float ki, float kd)
  162          {
  163   1        pid->kp = kp;
  164   1        pid->ki = ki;
  165   1        pid->kd = kd;
  166   1      }
  167          
  168          void pid_clean(PID_t* pid)
  169          {
  170   1        pid->lasterror = 0;
  171   1        pid->interror = 0;
  172   1        pid->preverror = 0;
  173   1        pid->output = 0;
  174   1      }
  175          


Module Information          Static   Overlayable
------------------------------------------------
  code size            =      2468     ------
  ecode size           =    ------     ------
  data size            =    ------     ------
  idata size           =    ------     ------
  pdata size           =    ------     ------
  xdata size           =    ------     ------
  xdata-const size     =    ------     ------
  edata size           =       338     ------
  bit size             =    ------     ------
  ebit size            =    ------     ------
  bitaddressable size  =    ------     ------
C251 COMPILER V5.60.0,  pid                                                                05/06/25  20:36:53  PAGE 4   

  ebitaddressable size =    ------     ------
  far data size        =    ------     ------
  huge data size       =    ------     ------
  const size           =    ------     ------
  hconst size          =    ------     ------
End of Module Information.


C251 COMPILATION COMPLETE.  0 WARNING(S),  0 ERROR(S)
