C251 COMPILER V5.60.0,  STC32G_DMA                                                         03/06/25  22:35:47  PAGE 1   


C251 COMPILER V5.60.0, COMPILATION OF MODULE STC32G_DMA
OBJECT MODULE PLACED IN .\Out_File\STC32G_DMA.obj
COMPILER INVOKED BY: D:\Software\Keil5\c251v560\C251\BIN\C251.EXE ..\seekfree_libraries\STC32G_DMA.c XSMALL WARNINGLEVEL
                    -(3) OPTIMIZE(0,SPEED) BROWSE INCDIR(..\CODE;..\USER\inc;..\USER\src;..\seekfree_components;..\seekfree_libraries;..\seek
                    -free_peripheral;..\libraries) DEBUG PRINT(.\Out_File\STC32G_DMA.lst) TABS(2) OBJECT(.\Out_File\STC32G_DMA.obj) 

stmt  level    source

    1          /*---------------------------------------------------------------------*/
    2          /* --- Web: www.STCAI.com ---------------------------------------------*/
    3          /*---------------------------------------------------------------------*/
    4          
    5          #include "STC32G_DMA.h"
    6          //#include "STC32G_UART.h"
    7          
    8          //========================================================================
    9          // 函数: void DMA_ADC_Inilize(DMA_ADC_InitTypeDef *DMA)
   10          // 描述: DMA ADC 初始化程序.
   11          // 参数: DMA: 结构参数,请参考DMA.h里的定义.
   12          // 返回: none.
   13          // 版本: V1.0, 2021-05-17
   14          //========================================================================
   15          void DMA_ADC_Inilize(DMA_ADC_InitTypeDef *DMA)
   16          {
   17   1        DMA_ADC_STA = 0x00;
   18   1        DMA_ADC_CHSW1 = (u8)(DMA->DMA_Channel>>8);
   19   1        DMA_ADC_CHSW0 = (u8)(DMA->DMA_Channel);
   20   1        DMA_ADC_RXAH = (u8)(DMA->DMA_Buffer>>8);
   21   1        DMA_ADC_RXAL = (u8)(DMA->DMA_Buffer);
   22   1        DMA_ADC_CFG2 = DMA->DMA_Times;
   23   1      
   24   1        if(DMA->DMA_Enable == ENABLE)   DMA_ADC_CR |= 0x80; //使能ADC DMA
   25   1        else DMA_ADC_CR &= ~0x80; //禁止ADC DMA
   26   1      }
   27          
   28          //========================================================================
   29          // 函数: void DMA_M2M_Inilize(DMA_M2M_InitTypeDef *DMA)
   30          // 描述: DMA M2M 初始化程序.
   31          // 参数: DMA: 结构参数,请参考DMA.h里的定义.
   32          // 返回: none.
   33          // 版本: V1.0, 2021-05-17
   34          //========================================================================
   35          void DMA_M2M_Inilize(DMA_M2M_InitTypeDef *DMA)
   36          {
   37   1        DMA_M2M_STA = 0x00;
   38   1        DMA_M2M_RXAH = (u8)(DMA->DMA_Rx_Buffer>>8);
   39   1        DMA_M2M_RXAL = (u8)(DMA->DMA_Rx_Buffer);
   40   1        DMA_M2M_TXAH = (u8)(DMA->DMA_Tx_Buffer>>8);
   41   1        DMA_M2M_TXAL = (u8)(DMA->DMA_Tx_Buffer);
   42   1        DMA_M2M_AMT = (u8)DMA->DMA_Length;        //设置传输总字节数(低8位)：n+1
   43   1        DMA_M2M_AMTH = (u8)(DMA->DMA_Length>>8);  //设置传输总字节数(高8位)：n+1
   44   1        
   45   1        if(DMA->DMA_SRC_Dir == M2M_ADDR_DEC)    DMA_M2M_CFG |= 0x20;  //数据读完后地址自减
   46   1        else DMA_M2M_CFG &= ~0x20;  //数据读完后地址自减
   47   1        if(DMA->DMA_DEST_Dir == M2M_ADDR_DEC)   DMA_M2M_CFG |= 0x10;  //数据写入后地址自减
   48   1        else DMA_M2M_CFG &= ~0x10;  //数据写入后地址自减
   49   1        
   50   1        if(DMA->DMA_Enable == ENABLE)   DMA_M2M_CR |= 0x80; //使能M2M DMA
   51   1        else DMA_M2M_CR &= ~0x80; //禁止M2M DMA
   52   1      }
   53          
   54          //========================================================================
   55          // 函数: void DMA_SPI_Inilize(DMA_SPI_InitTypeDef *DMA)
   56          // 描述: DMA SPI 初始化程序.
   57          // 参数: DMA: 结构参数,请参考DMA.h里的定义.
C251 COMPILER V5.60.0,  STC32G_DMA                                                         03/06/25  22:35:47  PAGE 2   

   58          // 返回: none.
   59          // 版本: V1.0, 2021-05-17
   60          //========================================================================
   61          void DMA_SPI_Inilize(DMA_SPI_InitTypeDef *DMA)
   62          {
   63   1        DMA_SPI_STA = 0x00;
   64   1        DMA_SPI_RXAH = (u8)(DMA->DMA_Rx_Buffer>>8);
   65   1        DMA_SPI_RXAL = (u8)(DMA->DMA_Rx_Buffer);
   66   1        DMA_SPI_TXAH = (u8)(DMA->DMA_Tx_Buffer>>8);
   67   1        DMA_SPI_TXAL = (u8)(DMA->DMA_Tx_Buffer);
   68   1        DMA_SPI_AMT = (u8)DMA->DMA_Length;        //设置传输总字节数(低8位)：n+1
   69   1        DMA_SPI_AMTH = (u8)(DMA->DMA_Length>>8);  //设置传输总字节数(高8位)：n+1
   70   1        
   71   1        if(DMA->DMA_SS_Sel <= SPI_SS_P35) DMA_SPI_CFG2 = (DMA_SPI_CFG2 & 0xfc) | DMA->DMA_SS_Sel; //自动控制SS脚
             -选择
   72   1      
   73   1        if(DMA->DMA_Tx_Enable == ENABLE)    DMA_SPI_CFG |= 0x40;  //使能SPI发送数据
   74   1        else DMA_SPI_CFG &= ~0x40;  //禁止SPI发送数据
   75   1        
   76   1        if(DMA->DMA_Rx_Enable == ENABLE)    DMA_SPI_CFG |= 0x20;  //使能SPI接收数据
   77   1        else DMA_SPI_CFG &= ~0x20;  //禁止SPI接收数据
   78   1        
   79   1        if(DMA->DMA_AUTO_SS == ENABLE)    DMA_SPI_CFG2 |= 0x04; //使能SS自动控制
   80   1        else DMA_SPI_CFG2 &= ~0x04; //禁止SS自动控制
   81   1        
   82   1        if(DMA->DMA_Enable == ENABLE)   DMA_SPI_CR |= 0x80; //使能SPI DMA
   83   1        else DMA_SPI_CR &= ~0x80; //禁止SPI DMA
   84   1      }
   85          
   86          //========================================================================
   87          // 函数: void DMA_UART_Inilize(u8 UARTx, DMA_UART_InitTypeDef *DMA)
   88          // 描述: DMA UART 初始化程序.
   89          // 参数: UARTx: UART组号, DMA: 结构参数,请参考DMA.h里的定义.
   90          // 返回: none.
   91          // 版本: V1.0, 2021-05-17
   92          //========================================================================
   93          #if 0
               void DMA_UART_Inilize(u8 UARTx, DMA_UART_InitTypeDef *DMA)
               {
               #ifdef UART1
                 if(UARTx == UART1)
                 {
                   DMA_UR1T_STA = 0x00;
                   DMA_UR1R_STA = 0x00;
                   DMA_UR1T_AMT = (u8)DMA->DMA_TX_Length;
                   DMA_UR1T_AMTH = (u8)(DMA->DMA_TX_Length>>8);
                   DMA_UR1T_TXAH = (u8)(DMA->DMA_TX_Buffer>>8);
                   DMA_UR1T_TXAL = (u8)(DMA->DMA_TX_Buffer);
                   DMA_UR1R_RXAH = (u8)(DMA->DMA_RX_Buffer>>8);
                   DMA_UR1R_RXAL = (u8)(DMA->DMA_RX_Buffer);
                   DMA_UR1R_AMT = (u8)DMA->DMA_RX_Length;        //设置传输总字节数(低8位)：n+1
                   DMA_UR1R_AMTH = (u8)(DMA->DMA_RX_Length>>8);  //设置传输总字节数(高8位)：n+1
               
                   if(DMA->DMA_TX_Enable == ENABLE)    DMA_UR1T_CR |= 0x80;  //使能UART1 TX DMA
                   else DMA_UR1T_CR &= ~0x80;  //禁止UART1 TX DMA
                   if(DMA->DMA_RX_Enable == ENABLE)    DMA_UR1R_CR |= 0x80;  //使能UART1 RX DMA
                   else DMA_UR1R_CR &= ~0x80;  //禁止UART1 RX DMA
                 }
               #endif
               #ifdef UART2
                 if(UARTx == UART2)
                 {
                   DMA_UR2T_STA = 0x00;
                   DMA_UR2R_STA = 0x00;
                   DMA_UR2T_AMT = (u8)DMA->DMA_TX_Length;
                   DMA_UR2T_AMTH = (u8)(DMA->DMA_TX_Length>>8);
C251 COMPILER V5.60.0,  STC32G_DMA                                                         03/06/25  22:35:47  PAGE 3   

                   DMA_UR2T_TXAH = (u8)(DMA->DMA_TX_Buffer>>8);
                   DMA_UR2T_TXAL = (u8)(DMA->DMA_TX_Buffer);
                   DMA_UR2R_RXAH = (u8)(DMA->DMA_RX_Buffer>>8);
                   DMA_UR2R_RXAL = (u8)(DMA->DMA_RX_Buffer);
                   DMA_UR2R_AMT = (u8)DMA->DMA_RX_Length;        //设置传输总字节数(低8位)：n+1
                   DMA_UR2R_AMTH = (u8)(DMA->DMA_RX_Length>>8);  //设置传输总字节数(高8位)：n+1
               
                   if(DMA->DMA_TX_Enable == ENABLE)    DMA_UR2T_CR |= 0x80;  //使能UART2 TX DMA
                   else DMA_UR2T_CR &= ~0x80;  //禁止UART2 TX DMA
                   if(DMA->DMA_RX_Enable == ENABLE)    DMA_UR2R_CR |= 0x80;  //使能UART2 RX DMA
                   else DMA_UR2R_CR &= ~0x80;  //禁止UART2 RX DMA
                 }
               #endif
               #ifdef UART3
                 if(UARTx == UART3)
                 {
                   DMA_UR3T_STA = 0x00;
                   DMA_UR3R_STA = 0x00;
                   DMA_UR3T_AMT = (u8)DMA->DMA_TX_Length;
                   DMA_UR3T_AMTH = (u8)(DMA->DMA_TX_Length>>8);
                   DMA_UR3T_TXAH = (u8)(DMA->DMA_TX_Buffer>>8);
                   DMA_UR3T_TXAL = (u8)(DMA->DMA_TX_Buffer);
                   DMA_UR3R_RXAH = (u8)(DMA->DMA_RX_Buffer>>8);
                   DMA_UR3R_RXAL = (u8)(DMA->DMA_RX_Buffer);
                   DMA_UR3R_AMT = (u8)DMA->DMA_RX_Length;        //设置传输总字节数(低8位)：n+1
                   DMA_UR3R_AMTH = (u8)(DMA->DMA_RX_Length>>8);  //设置传输总字节数(高8位)：n+1
               
                   if(DMA->DMA_TX_Enable == ENABLE)    DMA_UR3T_CR |= 0x80;  //使能UART3 TX DMA
                   else DMA_UR3T_CR &= ~0x80;  //禁止UART3 TX DMA
                   if(DMA->DMA_RX_Enable == ENABLE)    DMA_UR3R_CR |= 0x80;  //使能UART3 RX DMA
                   else DMA_UR3R_CR &= ~0x80;  //禁止UART3 RX DMA
                 }
               #endif
               #ifdef UART4
                 if(UARTx == UART4)
                 {
                   DMA_UR4T_STA = 0x00;
                   DMA_UR4R_STA = 0x00;
                   DMA_UR4T_AMT = (u8)DMA->DMA_TX_Length;
                   DMA_UR4T_AMTH = (u8)(DMA->DMA_TX_Length>>8);
                   DMA_UR4T_TXAH = (u8)(DMA->DMA_TX_Buffer>>8);
                   DMA_UR4T_TXAL = (u8)(DMA->DMA_TX_Buffer);
                   DMA_UR4R_RXAH = (u8)(DMA->DMA_RX_Buffer>>8);
                   DMA_UR4R_RXAL = (u8)(DMA->DMA_RX_Buffer);
                   DMA_UR4R_AMT = (u8)DMA->DMA_RX_Length;        //设置传输总字节数(低8位)：n+1
                   DMA_UR4R_AMTH = (u8)(DMA->DMA_RX_Length>>8);  //设置传输总字节数(高8位)：n+1
               
                   if(DMA->DMA_TX_Enable == ENABLE)    DMA_UR4T_CR |= 0x80;  //使能UART4 TX DMA
                   else DMA_UR4T_CR &= ~0x80;  //禁止UART4 TX DMA
                   if(DMA->DMA_RX_Enable == ENABLE)    DMA_UR4R_CR |= 0x80;  //使能UART4 RX DMA
                   else DMA_UR4R_CR &= ~0x80;  //禁止UART4 RX DMA
                 }
               #endif
               }
               #endif
  178          
  179          //========================================================================
  180          // 函数: void DMA_LCM_Inilize(DMA_LCM_InitTypeDef *DMA)
  181          // 描述: DMA LCM 初始化程序.
  182          // 参数: DMA: 结构参数,请参考DMA.h里的定义.
  183          // 返回: none.
  184          // 版本: V1.0, 2021-05-17
  185          //========================================================================
  186          void DMA_LCM_Inilize(DMA_LCM_InitTypeDef *DMA)
  187          {
  188   1        DMA_LCM_STA = 0x00;
C251 COMPILER V5.60.0,  STC32G_DMA                                                         03/06/25  22:35:47  PAGE 4   

  189   1        DMA_LCM_RXAH = (u8)(DMA->DMA_Rx_Buffer>>8);
  190   1        DMA_LCM_RXAL = (u8)(DMA->DMA_Rx_Buffer);
  191   1        DMA_LCM_TXAH = (u8)(DMA->DMA_Tx_Buffer>>8);
  192   1        DMA_LCM_TXAL = (u8)(DMA->DMA_Tx_Buffer);
  193   1        DMA_LCM_AMT = (u8)DMA->DMA_Length;        //设置传输总字节数(低8位)：n+1
  194   1        DMA_LCM_AMTH = (u8)(DMA->DMA_Length>>8);  //设置传输总字节数(高8位)：n+1
  195   1        
  196   1        if(DMA->DMA_Enable == ENABLE)   DMA_LCM_CR |= 0x80; //使能LCM DMA
  197   1        else DMA_LCM_CR &= ~0x80; //禁止LCM DMA
  198   1      }
  199          
  200          //========================================================================
  201          // 函数: void DMA_I2C_Inilize(DMA_I2C_InitTypeDef *DMA)
  202          // 描述: DMA I2C 初始化程序.
  203          // 参数: DMA: 结构参数,请参考DMA.h里的定义.
  204          // 返回: none.
  205          // 版本: V1.0, 2021-05-17
  206          //========================================================================
  207          void DMA_I2C_Inilize(DMA_I2C_InitTypeDef *DMA)
  208          {
  209   1        DMA_I2CT_STA = 0x00;
  210   1        DMA_I2CT_TXAH = (u8)(DMA->DMA_TX_Buffer>>8);
  211   1        DMA_I2CT_TXAL = (u8)(DMA->DMA_TX_Buffer);
  212   1        DMA_I2CT_AMT = (u8)DMA->DMA_TX_Length;        //设置传输总字节数(低8位)：n+1
  213   1        DMA_I2CT_AMTH = (u8)(DMA->DMA_TX_Length>>8);  //设置传输总字节数(高8位)：n+1
  214   1      
  215   1        DMA_I2CR_STA = 0x00;
  216   1        DMA_I2CR_RXAH = (u8)(DMA->DMA_RX_Buffer>>8);
  217   1        DMA_I2CR_RXAL = (u8)(DMA->DMA_RX_Buffer);
  218   1        DMA_I2CR_AMT = (u8)DMA->DMA_RX_Length;        //设置传输总字节数(低8位)：n+1
  219   1        DMA_I2CR_AMTH = (u8)(DMA->DMA_RX_Length>>8);  //设置传输总字节数(高8位)：n+1
  220   1        
  221   1        if(DMA->DMA_TX_Enable == ENABLE)    DMA_I2CT_CR |= 0x80;  //使能I2CT DMA
  222   1        else DMA_I2CT_CR &= ~0x80;  //禁止I2CT DMA
  223   1        if(DMA->DMA_RX_Enable == ENABLE)    DMA_I2CR_CR |= 0x80;  //使能I2CR DMA
  224   1        else DMA_I2CR_CR &= ~0x80;  //禁止I2CT DMA
  225   1      }
  226          


Module Information          Static   Overlayable
------------------------------------------------
  code size            =      1450     ------
  ecode size           =    ------     ------
  data size            =    ------     ------
  idata size           =    ------     ------
  pdata size           =    ------     ------
  xdata size           =    ------     ------
  xdata-const size     =    ------     ------
  edata size           =        20     ------
  bit size             =    ------     ------
  ebit size            =    ------     ------
  bitaddressable size  =    ------     ------
  ebitaddressable size =    ------     ------
  far data size        =    ------     ------
  huge data size       =    ------     ------
  const size           =    ------     ------
  hconst size          =    ------     ------
End of Module Information.


C251 COMPILATION COMPLETE.  0 WARNING(S),  0 ERROR(S)
